82 PDFs found; 10 already transcribed; 72 to do
  [1/72]  1p   2255 chars (6.4/min)  AA 0704 - Waschen der Löt- und Bestückrahmen (8.5.1_7.1.4_
  [2/72]  1p   2151 chars (12.8/min)  AA 0806 - Mitarbeiterkennzeichnung auf Baugruppen und Prod
  [3/72]  1p   2970 chars (15.1/min)  AA 0407 - Handlötgeräte (8.5.1_8.5.2_7.1.4_7.2_7.5).pdf
  [4/72]  2p   2850 chars (11.8/min)  AA 1708 - SMD-Programmbezeichnung.pdf
  [5/72]  2p   4334 chars (13.9/min)  AA 1315 - Kennzeichnung der getemed-Produkte (8.5.2_8.5.1_
  [6/72]  2p   3832 chars (15.1/min)  AA 1611 - Prüfung der Kaufel-Prdukte.pdf
  [7/72]  4p  10685 chars (17.5/min)  AA 1211 - SMT-Bestückung.pdf
  [8/72]  1p   1647 chars (15.7/min)  AA 5003 - Endprüfung von Baugruppen und Montagen.pdf
  [9/72]  2p   3127 chars (16.1/min)  AA 3603 - Stichprobenprüfungen (8.6_9.1.1_9.1.3_8.7_7.5).p
  [10/72]  1p   2268 chars (15.8/min)  AA 5105 - Trocknen -  aushärten von SMD - Kleber.pdf
  [11/72]  1p   2357 chars (16.0/min)  AA 5404 - Prüfung der IEB Produkte.pdf
  [12/72]  1p   1438 chars (16.1/min)  AA 5704 - AOI - Tester Programmbezeichung und Ablage.pdf
  [13/72]  3p   7423 chars (13.1/min)  AA 6003 - Prozess verbleites Löten.pdf
  [14/72]  4p   9185 chars (13.4/min)  AA 6110 - Prozess bleifreies Löten.pdf
  [15/72]  4p   9462 chars (11.4/min)  AA 6111 - Prozess bleifreies Löten.pdf
  [16/72]  2p   4892 chars (10.2/min)  AA 6304 - Classic Line Nomenklatur.pdf
  [17/72]  9p  18881 chars (9.9/min)  AA 6206 - Überprüfung ÜM Messmittel.pdf
  [18/72]  2p   3789 chars (9.3/min)  AA 6505 - Fertigung der selux Produkte.pdf
  [19/72]  1p   2625 chars (9.3/min)  AA 4905 - Trockenlagerung von ICs.pdf
  [20/72]  2p   3803 chars (9.0/min)  AA 6705 - Produkte mit begrenzter Haltbarkeit.pdf
  [21/72]  4p   6948 chars (9.3/min)  AA 6607 - LJU CWA Fertigung.pdf
  [22/72]  3p   6251 chars (8.8/min)  AA 6903 - Fertigung der EMPERRA-GPE Produkte.pdf
  [23/72]  3p   4679 chars (8.8/min)  AA 1804 - Fehlererfassung und-auswertung für Kabel und Lei
  [24/72]  2p   5593 chars (9.0/min)  AA 6803 - Einschweißen in Folienbeutel.pdf
  [25/72]  3p   4621 chars (9.1/min)  AA 7104 - Sicherheitstest.pdf
  [26/72]  2p   3907 chars (9.2/min)  AA 7202 - Transport.pdf
  [27/72]  2p   3836 chars (9.4/min)  AA 7302 - Lackieren von Leiterplatten.pdf
  [28/72]  3p   5718 chars (9.0/min)  AA 7602 - EFA Programmierung.pdf
  [29/72]  7p  12744 chars (9.0/min)  AA 7402 - Herstellen von Crimperverbindungen.pdf
  [30/72]  2p   2887 chars (9.0/min)  AA 7702 - EFA Wertekontrolle.pdf
  [31/72]  2p   3720 chars (9.1/min)  AA 7802 - Leiterplattenbestellung.pdf
  [32/72]  2p   3671 chars (9.2/min)  AA 7902 - Selektivlötanlage.pdf
  [33/72]  1p   1800 chars (9.4/min)  AA 8001 - Fertigung der Bernd-Richter-Produkte.pdf
  [34/72]  3p   5493 chars (9.4/min)  AA 6404 - Fertigung der GE Energy-Produkte.pdf
  [35/72]  5p   7199 chars (9.2/min)  AA 8102 - 3D AOI - Test.pdf
  [36/72]  2p   5368 chars (9.4/min)  AA25.01-06 - Wellenlötmaschine ERSA EWS 330.pdf
  [37/72]  1p   1845 chars (9.4/min)  AA25.04-06 - Siebdruckmaschine MPM SPN.pdf
  [38/72]  1p   2185 chars (9.6/min)  AA25.06-07 - Wartungsplan Temperaturschrank Vötsch VT 3050
  [39/72]  1p   1903 chars (9.6/min)  AA25.07-06 - Dotmaster SMT DIMA.pdf
  [40/72]  2p   2842 chars (9.7/min)  AA25.12-06 - SIPLACE F5 HM.pdf
  [41/72]  1p   2139 chars (9.7/min)  AA25.24-05 - Dampfphasen-Lötanlage Asscon VP 1000-56.pdf
  [42/72]  2p   2894 chars (9.7/min)  AA25.28-04 - SIPLACE S 20-23-25.pdf
  [43/72]  1p   2628 chars (9.8/min)  AA25.29-04 - Elektro-Hubwagen L12.pdf
  [44/72]  1p   2221 chars (9.8/min)  AA25.31-06 - Siebdrucker DEK Horizon 03i.pdf
  [45/72]  1p   2159 chars (9.8/min)  AA25.43-04 - Siebdrucker DEK Horizon 01iX.pdf
  [46/72]  1p   2443 chars (9.7/min)  AA25.42-04 - CAMaLOT 3800.pdf
  [47/72]  2p   3464 chars (9.8/min)  AA25.44-02 - Selektivlötanlage PILLARHOUSE PILOT.pdf
  [48/72]  1p   1873 chars (9.8/min)  AA25.46-01 - Dampfphasen-Lötanlage Asscon VP 1000-66.pdf
  [49/72]  2p   3184 chars (9.9/min)  AA25.45-02 - 3D AOI-Tester Goepel OptiCon.pdf
  [50/72]  3p   8099 chars (10.1/min)  AA 7505 - Siebdruckschablonen.pdf
  [51/72]  1p   1760 chars (10.1/min)  AA25.48-01 - Wartungsplan Siebdrucker DEK NeoHorizon 03iX.
  [52/72]  2p   3668 chars (10.2/min)  AA25.47-01 - Wartungsplan Konvektion Reflow SMT Quattro Pe
  [53/72]  2p   3704 chars (10.4/min)  AA25.49-02 - Wartungsplan SMD Bestückmaschine SiPlace X3 X
  [54/72]  1p   1356 chars (10.5/min)  AA 8201 - Fertigung der miControl Produkte.pdf
  [55/72]  1p   2604 chars (10.5/min)  AA2504 - Maschinenwartungen (8.5.1_7.1.3_7.5_9.1.1).pdf
  [56/72]  5p  12690 chars (10.1/min)  PB 1001 - Verantwortung der Leitung, Kommunikation, Manage
  [57/72]  8p  24114 chars (9.6/min)  PB 1201 - Ressourcen, Personal, Kompetenz, Wissen (10.3_10
  [58/72]  7p  17602 chars (9.8/min)  PB 1302 - Verbesserung, Messen, KVP, Risiken und Chancen (
  [59/72]  6p  12484 chars (9.8/min)  PB 2001 - Kundenbeziehungen und Verträge (8.2.1_8.2.2_8.2.
  [60/72] 13p  35839 chars (9.9/min)  PB 1104 - QM-System -Q-  __Dokumentierte Informationen, Au
  [61/72]  2p   1828 chars (10.1/min)  PB 2204 - Anlage 1 - Traceability + Inhalt des Artikelschi
  [62/72]  7p  18502 chars (9.2/min)  PB 2401 - Gerätemontage und -prüfung.pdf
  [63/72] 10p  26290 chars (9.1/min)  PB 2302 - Baugruppenfertigung und -prüfung (4.4_5.3_6.1_7.
  [64/72] 14p  35116 chars (9.0/min)  PB 2204 - Beschaffung -E-.pdf
  [65/72]  7p  16366 chars (9.0/min)  PB 2501 - Kabelfertigung und -konfektionierung.pdf
  [66/72] 20p  41263 chars (8.7/min)  PB 2102 - Produktionsplanung -T-.pdf
  [67/72]  9p  25324 chars (8.7/min)  PB 3002 - IT - Prozesse und Sicherheit -IT-_signed (4.4_5.
  [68/72]  8p  22174 chars (8.6/min)  PB 3201 - Produkterhaltung -Q- Kennzeichnung und Rückverfo
  [69/72]  1p   2339 chars (8.6/min)  Prozesslandschaft.pdf
  [70/72]  6p  16455 chars (8.7/min)  PB 3302 - Fehlerhafte Produkte -Q-  __Nichtkonformitäten, 
  [71/72]  8p  22951 chars (7.9/min)  PB 3101 - Qualitätsdienste Messmittel, Wartung.pdf
  [72/72]  8p  22107 chars (6.9/min)  PB 3201 - Produkterhaltung, Kennzeichnung, Rückverfolgbark

Cache written to data/transcriptions.json (82 documents)
